// Jest Snapshot v1, https://goo.gl/fbAQLP

exports[`App test 1`] = `<div />`;
