// Jest Snapshot v1, https://goo.gl/fbAQLP

exports[`MachineRecord test 1`] = `
<div
  onChange={[Function]}
>
  <div
    className="machine-input-flex"
  >
    <div
      className="machine-input-left"
    >
      时间
    </div>
    <span
      className="ant-calendar-picker"
      style={
        Object {
          "width": 400,
        }
      }
    >
      <div
        onBlur={undefined}
        onClick={[Function]}
        onFocus={undefined}
        onKeyDown={[Function]}
        onMouseDown={[Function]}
        onMouseEnter={undefined}
        onMouseLeave={undefined}
        onTouchStart={[Function]}
      >
        <input
          className="ant-calendar-picker-input ant-input"
          disabled={undefined}
          placeholder="请选择日期"
          readOnly={true}
          value=""
        />
        <span
          className="ant-calendar-picker-icon"
        />
      </div>
    </span>
  </div>
  <div
    className="machine-input-flex"
  >
    <div
      className="machine-input-left"
    >
      分类
    </div>
    <div
      className="ant-select ant-select-enabled"
      onBlur={[Function]}
      onClick={[Function]}
      onFocus={[Function]}
      onMouseDown={[Function]}
      onMouseEnter={undefined}
      onMouseLeave={undefined}
      onTouchStart={[Function]}
      style={
        Object {
          "width": 400,
        }
      }
    >
      <div
        aria-autocomplete="list"
        aria-expanded={false}
        aria-haspopup="true"
        className="ant-select-selection
                  ant-select-selection--single"
        onKeyDown={[Function]}
        role="combobox"
        tabIndex={0}
      >
        <div
          className="ant-select-selection__rendered"
        >
          <div
            className="ant-select-selection__placeholder"
            onClick={[Function]}
            onMouseDown={[Function]}
            style={
              Object {
                "WebkitUserSelect": "none",
                "display": "none",
                "userSelect": "none",
              }
            }
            unselectable="unselectable"
          >
            选择分类
          </div>
          <div
            className="ant-select-selection-selected-value"
            style={
              Object {
                "display": "block",
                "opacity": 1,
              }
            }
            title="安装"
          >
            安装
          </div>
        </div>
        <span
          className="ant-select-arrow"
          onClick={[Function]}
          style={
            Object {
              "WebkitUserSelect": "none",
              "userSelect": "none",
            }
          }
          unselectable="unselectable"
        >
          <b />
        </span>
      </div>
    </div>
  </div>
  <div
    className="machine-input-flexs"
  >
    <div
      className="machine-input-left"
    >
      描述
    </div>
    <textarea
      className="ant-input machine-input-right"
      data-id="line_des"
      data-path="MACHINE"
      onChange={[Function]}
      onKeyDown={[Function]}
      placeholder="输入描述"
      rows={4}
      style={
        Object {
          "width": 400,
        }
      }
      value="第一次安装"
    />
  </div>
</div>
`;
