// Jest Snapshot v1, https://goo.gl/fbAQLP

exports[`MachineTable test 1`] = `
<div>
  <div
    class="ant-table-wrapper"
  >
    <div
      class="ant-spin-nested-loading"
    >
      <div
        class="ant-spin-container"
      >
        <div
          class="ant-table ant-table-large ant-table-scroll-position-left"
        >
          <div
            class="ant-table-content"
          >
            <div
              class="ant-table-body"
            >
              <table
                class=""
              >
                <colgroup>
                  <col
                    style="width:10%;min-width:10%;"
                  />
                  <col
                    style="width:10%;min-width:10%;"
                  />
                  <col
                    style="width:10%;min-width:10%;"
                  />
                  <col
                    style="width:10%;min-width:10%;"
                  />
                  <col
                    style="width:10%;min-width:10%;"
                  />
                  <col
                    style="width:10%;min-width:10%;"
                  />
                  <col
                    style="width:10%;min-width:10%;"
                  />
                  <col
                    style="width:10%;min-width:10%;"
                  />
                  <col
                    style="width:10%;min-width:10%;"
                  />
                  <col
                    style="width:10%;min-width:10%;"
                  />
                </colgroup>
                <thead
                  class="ant-table-thead"
                >
                  <tr>
                    <th
                      class=""
                    >
                      <span>
                        设备名称
                      </span>
                    </th>
                    <th
                      class=""
                    >
                      <span>
                        设备编号
                      </span>
                    </th>
                    <th
                      class=""
                    >
                      <span>
                        排量
                      </span>
                    </th>
                    <th
                      class=""
                    >
                      <span>
                        压力
                      </span>
                    </th>
                    <th
                      class=""
                    >
                      <span>
                        燃料
                      </span>
                    </th>
                    <th
                      class=""
                    >
                      <span>
                        描述
                      </span>
                    </th>
                    <th
                      class=""
                    >
                      <span>
                        负责人
                      </span>
                    </th>
                    <th
                      class=""
                    >
                      <span>
                        所在地
                      </span>
                    </th>
                    <th
                      class=""
                    >
                      <span>
                        添加时间
                        <div
                          class="ant-table-column-sorter"
                        >
                          <span
                            class="ant-table-column-sorter-up off"
                            title="↑"
                          >
                            <i
                              class="anticon anticon-caret-up"
                            />
                          </span>
                          <span
                            class="ant-table-column-sorter-down off"
                            title="↓"
                          >
                            <i
                              class="anticon anticon-caret-down"
                            />
                          </span>
                        </div>
                      </span>
                    </th>
                    <th
                      class=""
                    >
                      <span>
                        操作
                      </span>
                    </th>
                  </tr>
                </thead>
                <tbody
                  class="ant-table-tbody"
                >
                  <tr
                    class="ant-table-row  ant-table-row-level-0"
                  >
                    <td
                      class=""
                    >
                      <span
                        class="ant-table-row-indent indent-level-0"
                        style="padding-left:0px;"
                      />
                      张三
                    </td>
                    <td
                      class=""
                    >
                      a1254
                    </td>
                    <td
                      class=""
                    >
                      354
                    </td>
                    <td
                      class=""
                    >
                      30mpa
                    </td>
                    <td
                      class=""
                    >
                      汽油
                    </td>
                    <td
                      class=""
                    />
                    <td
                      class=""
                    >
                      <div>
                        daes, sdse
                      </div>
                    </td>
                    <td
                      class=""
                    />
                    <td
                      class=""
                    />
                    <td
                      class=""
                    >
                      <div
                        class="machine-table-action"
                      >
                        <div
                          class="machine-table-left"
                          data-machine-id="4541342dsf"
                        >
                          <i
                            class="iconfont icon-compile"
                            style="font-size:20px;"
                          />
                        </div>
                        <div
                          class="machine-table-right"
                          data-machine-id="4541342dsf"
                        >
                          <i
                            class="iconfont icon-details"
                          />
                        </div>
                      </div>
                    </td>
                  </tr>
                  <tr
                    class="ant-table-row  ant-table-row-level-0"
                  >
                    <td
                      class=""
                    >
                      <span
                        class="ant-table-row-indent indent-level-0"
                        style="padding-left:0px;"
                      />
                      张三
                    </td>
                    <td
                      class=""
                    >
                      a1254
                    </td>
                    <td
                      class=""
                    >
                      354
                    </td>
                    <td
                      class=""
                    >
                      30mpa
                    </td>
                    <td
                      class=""
                    >
                      汽油
                    </td>
                    <td
                      class=""
                    />
                    <td
                      class=""
                    >
                      <div>
                        daes, sdse
                      </div>
                    </td>
                    <td
                      class=""
                    />
                    <td
                      class=""
                    />
                    <td
                      class=""
                    >
                      <div
                        class="machine-table-action"
                      >
                        <div
                          class="machine-table-left"
                          data-machine-id="4541342dssdr"
                        >
                          <i
                            class="iconfont icon-compile"
                            style="font-size:20px;"
                          />
                        </div>
                        <div
                          class="machine-table-right"
                          data-machine-id="4541342dssdr"
                        >
                          <i
                            class="iconfont icon-details"
                          />
                        </div>
                      </div>
                    </td>
                  </tr>
                </tbody>
              </table>
            </div>
          </div>
        </div>
        <ul
          class="ant-pagination ant-table-pagination"
          unselectable="unselectable"
        >
          <li
            aria-disabled="true"
            class="ant-pagination-disabled ant-pagination-prev"
            tabindex="0"
            title="上一页"
          >
            <a />
          </li>
          <li
            class="ant-pagination-item ant-pagination-item-1 ant-pagination-item-active"
            tabindex="0"
            title="1"
          >
            <a>
              1
            </a>
          </li>
          <li
            aria-disabled="true"
            class="ant-pagination-disabled ant-pagination-next"
            tabindex="0"
            title="下一页"
          >
            <a />
          </li>
        </ul>
      </div>
    </div>
  </div>
</div>
`;
