// Jest Snapshot v1, https://goo.gl/fbAQLP

exports[`MessageTable test 1`] = `
<div>
  <div
    class="ant-table-wrapper"
  >
    <div
      class="ant-spin-nested-loading"
    >
      <div
        class="ant-spin-container"
      >
        <div
          class="ant-table ant-table-large ant-table-scroll-position-left"
        >
          <div
            class="ant-table-content"
          >
            <div
              class="ant-table-body"
            >
              <table
                class=""
              >
                <colgroup>
                  <col
                    style="width:20%;min-width:20%;"
                  />
                  <col
                    style="width:20%;min-width:20%;"
                  />
                  <col
                    style="width:5%;min-width:5%;"
                  />
                  <col
                    style="width:5%;min-width:5%;"
                  />
                  <col
                    style="width:10%;min-width:10%;"
                  />
                  <col
                    style="width:10%;min-width:10%;"
                  />
                  <col
                    style="width:15%;min-width:15%;"
                  />
                </colgroup>
                <thead
                  class="ant-table-thead"
                >
                  <tr>
                    <th
                      class=""
                    >
                      <span>
                        标题
                      </span>
                    </th>
                    <th
                      class=""
                    >
                      <span>
                        摘要
                      </span>
                    </th>
                    <th
                      class=""
                    >
                      <span>
                        作者
                      </span>
                    </th>
                    <th
                      class=""
                    >
                      <span>
                        状态
                      </span>
                    </th>
                    <th
                      class=""
                    >
                      <span>
                        创建时间
                      </span>
                    </th>
                    <th
                      class=""
                    >
                      <span>
                        发布时间
                      </span>
                    </th>
                    <th
                      class=""
                    >
                      <span>
                        操作
                      </span>
                    </th>
                  </tr>
                </thead>
                <tbody
                  class="ant-table-tbody"
                >
                  <tr
                    class="ant-table-row  ant-table-row-level-0"
                  >
                    <td
                      class=""
                    >
                      <span
                        class="ant-table-row-indent indent-level-0"
                        style="padding-left:0px;"
                      />
                      <div>
                        标题
                      </div>
                    </td>
                    <td
                      class=""
                    >
                      <div>
                        这是一段摘要
                      </div>
                    </td>
                    <td
                      class=""
                    />
                    <td
                      class=""
                    />
                    <td
                      class=""
                    />
                    <td
                      class=""
                    />
                    <td
                      class=""
                    >
                      <div
                        class="message-arr-action"
                      >
                        <div
                          class="message-arr-item"
                          data-message-id="edt34"
                          style="color:#579df2;"
                        >
                          <i
                            class="iconfont icon-compile  message-edit-icon"
                          />
                        </div>
                        <div
                          class="message-arr-item"
                          data-message-id="edt34"
                          style="display:none;"
                        >
                          <i
                            class="iconfont icon-fasong  message-send-icon"
                            style="width:12px;height:12px;"
                          />
                        </div>
                        <div
                          class="message-arr-item"
                          data-message-id="edt34"
                        >
                          <i
                            class="iconfont icon-shanchu message-del-icon"
                          />
                        </div>
                      </div>
                    </td>
                  </tr>
                  <tr
                    class="ant-table-row  ant-table-row-level-0"
                  >
                    <td
                      class=""
                    >
                      <span
                        class="ant-table-row-indent indent-level-0"
                        style="padding-left:0px;"
                      />
                      <div>
                        标题
                      </div>
                    </td>
                    <td
                      class=""
                    >
                      <div>
                        这是一段摘要
                      </div>
                    </td>
                    <td
                      class=""
                    />
                    <td
                      class=""
                    />
                    <td
                      class=""
                    />
                    <td
                      class=""
                    />
                    <td
                      class=""
                    >
                      <div
                        class="message-arr-action"
                      >
                        <div
                          class="message-arr-item"
                          data-message-id="df345"
                          style="color:#579df2;"
                        >
                          <i
                            class="iconfont icon-compile  message-edit-icon"
                          />
                        </div>
                        <div
                          class="message-arr-item"
                          data-message-id="df345"
                          style="display:none;"
                        >
                          <i
                            class="iconfont icon-fasong  message-send-icon"
                            style="width:12px;height:12px;"
                          />
                        </div>
                        <div
                          class="message-arr-item"
                          data-message-id="df345"
                        >
                          <i
                            class="iconfont icon-shanchu message-del-icon"
                          />
                        </div>
                      </div>
                    </td>
                  </tr>
                </tbody>
              </table>
            </div>
          </div>
        </div>
        <ul
          class="ant-pagination ant-table-pagination"
          unselectable="unselectable"
        >
          <li
            aria-disabled="true"
            class="ant-pagination-disabled ant-pagination-prev"
            tabindex="0"
            title="上一页"
          >
            <a />
          </li>
          <li
            class="ant-pagination-item ant-pagination-item-1 ant-pagination-item-active"
            tabindex="0"
            title="1"
          >
            <a>
              1
            </a>
          </li>
          <li
            aria-disabled="true"
            class="ant-pagination-disabled ant-pagination-next"
            tabindex="0"
            title="下一页"
          >
            <a />
          </li>
        </ul>
      </div>
    </div>
  </div>
</div>
`;
