// Jest Snapshot v1, https://goo.gl/fbAQLP

exports[`PartTable test 1`] = `
<div
  class="ant-table-wrapper"
>
  <div
    class="ant-spin-nested-loading"
  >
    <div
      class="ant-spin-container"
    >
      <div
        class="ant-table ant-table-large ant-table-scroll-position-left"
      >
        <div
          class="ant-table-content"
        >
          <div
            class="ant-table-body"
          >
            <table
              class=""
            >
              <colgroup>
                <col />
                <col />
                <col />
                <col />
                <col />
                <col />
                <col />
                <col />
              </colgroup>
              <thead
                class="ant-table-thead"
              >
                <tr>
                  <th
                    class=""
                  >
                    <span>
                      物料代码
                    </span>
                  </th>
                  <th
                    class=""
                  >
                    <span>
                      物料名称
                    </span>
                  </th>
                  <th
                    class=""
                  >
                    <span>
                      规格型号
                    </span>
                  </th>
                  <th
                    class=""
                  >
                    <span>
                      件／台／套
                    </span>
                  </th>
                  <th
                    class=""
                  >
                    <span>
                      类型
                    </span>
                  </th>
                  <th
                    class=""
                  >
                    <span>
                      备注
                    </span>
                  </th>
                  <th
                    class=""
                  >
                    <span>
                      添加时间
                    </span>
                  </th>
                  <th
                    class=""
                  >
                    <span>
                      操作
                    </span>
                  </th>
                </tr>
              </thead>
              <tbody
                class="ant-table-tbody"
              >
                <tr
                  class="ant-table-row  ant-table-row-level-0"
                >
                  <td
                    class=""
                  >
                    <span
                      class="ant-table-row-indent indent-level-0"
                      style="padding-left:0px;"
                    />
                    d3560
                  </td>
                  <td
                    class=""
                  >
                    物料名称
                  </td>
                  <td
                    class=""
                  >
                    5dd43
                  </td>
                  <td
                    class=""
                  />
                  <td
                    class=""
                  />
                  <td
                    class=""
                  />
                  <td
                    class=""
                  />
                  <td
                    class=""
                  >
                    <div
                      data-part-id="sdd344"
                    >
                      <i
                        class="iconfont icon-compile trouble-table-icon"
                        style="color:#0068d2;"
                      />
                    </div>
                  </td>
                </tr>
                <tr
                  class="ant-table-row  ant-table-row-level-0"
                >
                  <td
                    class=""
                  >
                    <span
                      class="ant-table-row-indent indent-level-0"
                      style="padding-left:0px;"
                    />
                    d3546
                  </td>
                  <td
                    class=""
                  >
                    物料名称
                  </td>
                  <td
                    class=""
                  >
                    5dds5
                  </td>
                  <td
                    class=""
                  />
                  <td
                    class=""
                  />
                  <td
                    class=""
                  />
                  <td
                    class=""
                  />
                  <td
                    class=""
                  >
                    <div
                      data-part-id="sdd34d5"
                    >
                      <i
                        class="iconfont icon-compile trouble-table-icon"
                        style="color:#0068d2;"
                      />
                    </div>
                  </td>
                </tr>
              </tbody>
            </table>
          </div>
        </div>
      </div>
      <ul
        class="ant-pagination ant-table-pagination"
        unselectable="unselectable"
      >
        <li
          aria-disabled="true"
          class="ant-pagination-disabled ant-pagination-prev"
          tabindex="0"
          title="上一页"
        >
          <a />
        </li>
        <li
          class="ant-pagination-item ant-pagination-item-1 ant-pagination-item-active"
          tabindex="0"
          title="1"
        >
          <a>
            1
          </a>
        </li>
        <li
          aria-disabled="true"
          class="ant-pagination-disabled ant-pagination-next"
          tabindex="0"
          title="下一页"
        >
          <a />
        </li>
      </ul>
    </div>
  </div>
</div>
`;
