// Jest Snapshot v1, https://goo.gl/fbAQLP

exports[`TableFilter test 1`] = `
<div
  class="ant-select ant-select-enabled ant-select-allow-clear"
  style="width:200px;"
>
  <div
    aria-autocomplete="list"
    aria-expanded="false"
    aria-haspopup="true"
    class="ant-select-selection
              ant-select-selection--single"
    role="combobox"
    tabindex="0"
  >
    <div
      class="ant-select-selection__rendered"
    >
      <div
        class="ant-select-selection__placeholder"
        style="display:block;user-select:none;-webkit-user-select:none;"
        unselectable="unselectable"
      >
        筛选
      </div>
      <div
        class="ant-select-search ant-select-search--inline"
        style="display:none;"
      >
        <div
          class="ant-select-search__field__wrap"
        >
          <input
            class="ant-select-search__field"
            value=""
          />
          <span
            class="ant-select-search__field__mirror"
          >
             
          </span>
        </div>
      </div>
    </div>
    <span
      class="ant-select-selection__clear"
      style="user-select:none;-webkit-user-select:none;display:none;"
      unselectable="unselectable"
    />
    <span
      class="ant-select-arrow"
      style="user-select:none;-webkit-user-select:none;"
      unselectable="unselectable"
    >
      <b />
    </span>
  </div>
</div>
`;
